Loading module Cryptol

[error] bad utf-8 encoding: ./check31.iso8859.cry
Loading module Cryptol
Loading module Fοο
