Loading module Cryptol
Loading module Cryptol
Loading module Main
[warning] at ./check05.cry:4:10--4:45:
  Defaulting type argument 'ix' of '(@@)' to 2
[warning] at ./check05.cry:4:33--4:45:
  Defaulting type of sequence member to [2]
[warning] at <interactive>:1:1--1:21:
  Defaulting type argument 'ix' of '(@@)' to 4
Showing a specific instance of polymorphic result:
  * Using 'Integer' for 1st type argument of 'Main::twoones'
[2, 1, 2, 1, 2, 1, 2, 1, 2, 1, 2]
True
