Loading module Cryptol
Loading module Cryptol
Loading module Main
[warning] at ./check16.cry:1:11--1:17:
  Defaulting type argument 'b' of 'length' to [4]
True
