Loading module Cryptol
Loading module Cryptol
Loading module Main
[warning] at ./check26.cry:11:42--11:45:
  Defaulting 2nd type argument of 'Main::xys' to [4]
[warning] at ./check26.cry:9:41--9:51:
  Defaulting type argument 'a' of 'fromTo' to [3]
[warning] at ./check26.cry:9:23--9:34:
  Defaulting type argument 'a' of 'fromTo' to [4]
[warning] at ./check26.cry:8:31--8:34:
  Defaulting 2nd type argument of 'Main::xys' to [3]
[warning] at ./check26.cry:5:35--5:37:
  Defaulting 2nd type argument of 'Main::xy' to [5]
[warning] at ./check26.cry:5:35--5:37:
  Defaulting 1st type argument of 'Main::xy' to [4]
[warning] at ./check26.cry:5:17--5:19:
  Defaulting 2nd type argument of 'Main::xy' to [5]
[warning] at ./check26.cry:5:17--5:19:
  Defaulting 1st type argument of 'Main::xy' to [4]
[warning] at ./check26.cry:4:43--4:45:
  Defaulting 1st type argument of 'Main::xy' to [4]
[warning] at ./check26.cry:4:37--4:39:
  Defaulting 2nd type argument of 'Main::xy' to [5]
[warning] at ./check26.cry:4:37--4:39:
  Defaulting 1st type argument of 'Main::xy' to [4]
[warning] at ./check26.cry:4:23--4:25:
  Defaulting 2nd type argument of 'Main::xy' to [5]
[warning] at ./check26.cry:4:17--4:19:
  Defaulting 2nd type argument of 'Main::xy' to [5]
[warning] at ./check26.cry:4:17--4:19:
  Defaulting 1st type argument of 'Main::xy' to [4]
True
