Loading module Cryptol
Showing a specific instance of polymorphic result:
  * Using 'Integer' for type argument 'a' of 'Cryptol::fromThenTo'
[11, 11, 11, 11, 11, 11, 11, 11, 11, 11]
[warning] at <interactive>:1:28--1:68:
  Defaulting type of sequence member to [4]
True
