Loading module Cryptol
Loading module r03
True
False
