Loading module Cryptol
Loading module Cryptol
Loading module T

[error] Module T does not have parameters.
