Loading module Cryptol
Loading module Cryptol
Loading module Main
[warning] at ./unary-2.cry:3:11--3:14:
  Defaulting type argument 'a' of 'min' to [2]
[warning] at ./unary-2.cry:2:11--2:14:
  Defaulting type argument 'a' of 'min' to [2]
True
True
